This is pdfTeX, Version 3.141592653-2.6-1.40.28 (MiKTeX 25.12) (preloaded format=pdflatex 2026.6.12)  24 AUG 2026 17:46
entering extended mode
 restricted \write18 enabled.
 %&-line parsing enabled.
**./paper.tex
(paper.tex
LaTeX2e <2025-11-01>
L3 programming layer <2025-12-24>
(D:\softwares\MiKTeX\tex/latex/ieeetran\IEEEtran.cls
Document Class: IEEEtran 2015/08/26 V1.8b by Michael Shell
-- See the "IEEEtran_HOWTO" manual for usage information.
-- http://www.michaelshell.org/tex/ieeetran/
\@IEEEtrantmpdimenA=\dimen148
\@IEEEtrantmpdimenB=\dimen149
\@IEEEtrantmpdimenC=\dimen150
\@IEEEtrantmpcountA=\count275
\@IEEEtrantmpcountB=\count276
\@IEEEtrantmpcountC=\count277
\@IEEEtrantmptoksA=\toks17
LaTeX Font Info:    Trying to load font information for OT1+ptm on input line 5
03.
(D:\softwares\MiKTeX\tex/latex/psnfss\ot1ptm.fd
File: ot1ptm.fd 2001/06/04 font definitions for OT1/ptm.
)
-- Using 210mm x 297mm (a4) paper.
-- Using PDF output.
\@IEEEnormalsizeunitybaselineskip=\dimen151
-- This is a 10 point document.
LaTeX Encoding Info:    Redeclaring text command \textunderscore (encoding ?) o
n input line 937.
\CLASSINFOnormalsizebaselineskip=\dimen152
\CLASSINFOnormalsizeunitybaselineskip=\dimen153
\IEEEnormaljot=\dimen154
LaTeX Font Info:    Font shape `OT1/ptm/bx/n' in size <5> not available
(Font)              Font shape `OT1/ptm/b/n' tried instead on input line 1090.
LaTeX Font Info:    Font shape `OT1/ptm/bx/it' in size <5> not available
(Font)              Font shape `OT1/ptm/b/it' tried instead on input line 1090.

LaTeX Font Info:    Font shape `OT1/ptm/bx/n' in size <7> not available
(Font)              Font shape `OT1/ptm/b/n' tried instead on input line 1090.
LaTeX Font Info:    Font shape `OT1/ptm/bx/it' in size <7> not available
(Font)              Font shape `OT1/ptm/b/it' tried instead on input line 1090.

LaTeX Font Info:    Font shape `OT1/ptm/bx/n' in size <8> not available
(Font)              Font shape `OT1/ptm/b/n' tried instead on input line 1090.
LaTeX Font Info:    Font shape `OT1/ptm/bx/it' in size <8> not available
(Font)              Font shape `OT1/ptm/b/it' tried instead on input line 1090.

LaTeX Font Info:    Font shape `OT1/ptm/bx/n' in size <9> not available
(Font)              Font shape `OT1/ptm/b/n' tried instead on input line 1090.
LaTeX Font Info:    Font shape `OT1/ptm/bx/it' in size <9> not available
(Font)              Font shape `OT1/ptm/b/it' tried instead on input line 1090.

LaTeX Font Info:    Font shape `OT1/ptm/bx/n' in size <10> not available
(Font)              Font shape `OT1/ptm/b/n' tried instead on input line 1090.
LaTeX Font Info:    Font shape `OT1/ptm/bx/it' in size <10> not available
(Font)              Font shape `OT1/ptm/b/it' tried instead on input line 1090.

LaTeX Font Info:    Font shape `OT1/ptm/bx/n' in size <11> not available
(Font)              Font shape `OT1/ptm/b/n' tried instead on input line 1090.
LaTeX Font Info:    Font shape `OT1/ptm/bx/it' in size <11> not available
(Font)              Font shape `OT1/ptm/b/it' tried instead on input line 1090.

LaTeX Font Info:    Font shape `OT1/ptm/bx/n' in size <12> not available
(Font)              Font shape `OT1/ptm/b/n' tried instead on input line 1090.
LaTeX Font Info:    Font shape `OT1/ptm/bx/it' in size <12> not available
(Font)              Font shape `OT1/ptm/b/it' tried instead on input line 1090.

LaTeX Font Info:    Font shape `OT1/ptm/bx/n' in size <17> not available
(Font)              Font shape `OT1/ptm/b/n' tried instead on input line 1090.
LaTeX Font Info:    Font shape `OT1/ptm/bx/it' in size <17> not available
(Font)              Font shape `OT1/ptm/b/it' tried instead on input line 1090.

LaTeX Font Info:    Font shape `OT1/ptm/bx/n' in size <20> not available
(Font)              Font shape `OT1/ptm/b/n' tried instead on input line 1090.
LaTeX Font Info:    Font shape `OT1/ptm/bx/it' in size <20> not available
(Font)              Font shape `OT1/ptm/b/it' tried instead on input line 1090.

LaTeX Font Info:    Font shape `OT1/ptm/bx/n' in size <24> not available
(Font)              Font shape `OT1/ptm/b/n' tried instead on input line 1090.
LaTeX Font Info:    Font shape `OT1/ptm/bx/it' in size <24> not available
(Font)              Font shape `OT1/ptm/b/it' tried instead on input line 1090.

\IEEEquantizedlength=\dimen155
\IEEEquantizedlengthdiff=\dimen156
\IEEEquantizedtextheightdiff=\dimen157
\IEEEilabelindentA=\dimen158
\IEEEilabelindentB=\dimen159
\IEEEilabelindent=\dimen160
\IEEEelabelindent=\dimen161
\IEEEdlabelindent=\dimen162
\IEEElabelindent=\dimen163
\IEEEiednormlabelsep=\dimen164
\IEEEiedmathlabelsep=\dimen165
\IEEEiedtopsep=\skip49
\c@section=\count278
\c@subsection=\count279
\c@subsubsection=\count280
\c@paragraph=\count281
\c@IEEEsubequation=\count282
\abovecaptionskip=\skip50
\belowcaptionskip=\skip51
\c@figure=\count283
\c@table=\count284
\@IEEEeqnnumcols=\count285
\@IEEEeqncolcnt=\count286
\@IEEEsubeqnnumrollback=\count287
\@IEEEquantizeheightA=\dimen166
\@IEEEquantizeheightB=\dimen167
\@IEEEquantizeheightC=\dimen168
\@IEEEquantizeprevdepth=\dimen169
\@IEEEquantizemultiple=\count288
\@IEEEquantizeboxA=\box53
\@IEEEtmpitemindent=\dimen170
\IEEEPARstartletwidth=\dimen171
\c@IEEEbiography=\count289
\@IEEEtranrubishbin=\box54
) (D:\softwares\MiKTeX\tex/latex/cite\cite.sty
LaTeX Info: Redefining \cite on input line 302.
LaTeX Info: Redefining \nocite on input line 332.
Package: cite 2015/02/27  v 5.5
)
(D:\softwares\MiKTeX\tex/latex/amsmath\amsmath.sty
Package: amsmath 2025/07/09 v2.17z AMS math features
\@mathmargin=\skip52

For additional information on amsmath, use the `?' option.
(D:\softwares\MiKTeX\tex/latex/amsmath\amstext.sty
Package: amstext 2024/11/17 v2.01 AMS text

(D:\softwares\MiKTeX\tex/latex/amsmath\amsgen.sty
File: amsgen.sty 1999/11/30 v2.0 generic functions
\@emptytoks=\toks18
\ex@=\dimen172
))
(D:\softwares\MiKTeX\tex/latex/amsmath\amsbsy.sty
Package: amsbsy 1999/11/29 v1.2d Bold Symbols
\pmbraise@=\dimen173
)
(D:\softwares\MiKTeX\tex/latex/amsmath\amsopn.sty
Package: amsopn 2022/04/08 v2.04 operator names
)
\inf@bad=\count290
LaTeX Info: Redefining \frac on input line 233.
\uproot@=\count291
\leftroot@=\count292
LaTeX Info: Redefining \overline on input line 398.
LaTeX Info: Redefining \colon on input line 409.
\classnum@=\count293
\DOTSCASE@=\count294
LaTeX Info: Redefining \ldots on input line 495.
LaTeX Info: Redefining \dots on input line 498.
LaTeX Info: Redefining \cdots on input line 619.
\Mathstrutbox@=\box55
\strutbox@=\box56
LaTeX Info: Redefining \big on input line 721.
LaTeX Info: Redefining \Big on input line 722.
LaTeX Info: Redefining \bigg on input line 723.
LaTeX Info: Redefining \Bigg on input line 724.
\big@size=\dimen174
LaTeX Font Info:    Redeclaring font encoding OML on input line 742.
LaTeX Font Info:    Redeclaring font encoding OMS on input line 743.
\macc@depth=\count295
LaTeX Info: Redefining \bmod on input line 904.
LaTeX Info: Redefining \pmod on input line 909.
LaTeX Info: Redefining \smash on input line 939.
LaTeX Info: Redefining \relbar on input line 969.
LaTeX Info: Redefining \Relbar on input line 970.
\c@MaxMatrixCols=\count296
\dotsspace@=\muskip17
\c@parentequation=\count297
\dspbrk@lvl=\count298
\tag@help=\toks19
\row@=\count299
\column@=\count300
\maxfields@=\count301
\andhelp@=\toks20
\eqnshift@=\dimen175
\alignsep@=\dimen176
\tagshift@=\dimen177
\tagwidth@=\dimen178
\totwidth@=\dimen179
\lineht@=\dimen180
\@envbody=\toks21
\multlinegap=\skip53
\multlinetaggap=\skip54
\mathdisplay@stack=\toks22
LaTeX Info: Redefining \[ on input line 2950.
LaTeX Info: Redefining \] on input line 2951.
)
(D:\softwares\MiKTeX\tex/latex/amsfonts\amssymb.sty
Package: amssymb 2013/01/14 v3.01 AMS font symbols

(D:\softwares\MiKTeX\tex/latex/amsfonts\amsfonts.sty
Package: amsfonts 2013/01/14 v3.01 Basic AMSFonts support
\symAMSa=\mathgroup4
\symAMSb=\mathgroup5
LaTeX Font Info:    Redeclaring math symbol \hbar on input line 98.
LaTeX Font Info:    Overwriting math alphabet `\mathfrak' in version `bold'
(Font)                  U/euf/m/n --> U/euf/b/n on input line 106.
))
(D:\softwares\MiKTeX\tex/latex/algorithms\algorithmic.sty
Package: algorithmic 2009/08/24 v0.1 Document Style `algorithmic'

(D:\softwares\MiKTeX\tex/latex/base\ifthen.sty
Package: ifthen 2024/03/16 v1.1e Standard LaTeX ifthen package (DPC)
)
(D:\softwares\MiKTeX\tex/latex/graphics\keyval.sty
Package: keyval 2022/05/29 v1.15 key=value parser (DPC)
\KV@toks@=\toks23
)
\c@ALC@unique=\count302
\c@ALC@line=\count303
\c@ALC@rem=\count304
\c@ALC@depth=\count305
\ALC@tlm=\skip55
\algorithmicindent=\skip56
)
(D:\softwares\MiKTeX\tex/latex/graphics\graphicx.sty
Package: graphicx 2024/12/31 v1.2e Enhanced LaTeX Graphics (DPC,SPQR)

(D:\softwares\MiKTeX\tex/latex/graphics\graphics.sty
Package: graphics 2024/08/06 v1.4g Standard LaTeX Graphics (DPC,SPQR)

(D:\softwares\MiKTeX\tex/latex/graphics\trig.sty
Package: trig 2023/12/02 v1.11 sin cos tan (DPC)
)
(D:\softwares\MiKTeX\tex/latex/graphics-cfg\graphics.cfg
File: graphics.cfg 2016/06/04 v1.11 sample graphics configuration
)
Package graphics Info: Driver file: pdftex.def on input line 106.

(D:\softwares\MiKTeX\tex/latex/graphics-def\pdftex.def
File: pdftex.def 2025/09/29 v1.2d Graphics/color driver for pdftex
))
\Gin@req@height=\dimen181
\Gin@req@width=\dimen182
)
(D:\softwares\MiKTeX\tex/latex/base\textcomp.sty
Package: textcomp 2024/04/24 v2.1b Standard LaTeX package
)
(D:\softwares\MiKTeX\tex/latex/xcolor\xcolor.sty
Package: xcolor 2024/09/29 v3.02 LaTeX color extensions (UK)

(D:\softwares\MiKTeX\tex/latex/graphics-cfg\color.cfg
File: color.cfg 2016/01/02 v1.6 sample color configuration
)
Package xcolor Info: Driver file: pdftex.def on input line 274.

(D:\softwares\MiKTeX\tex/latex/graphics\mathcolor.ltx)
Package xcolor Info: Model `cmy' substituted by `cmy0' on input line 1349.
Package xcolor Info: Model `hsb' substituted by `rgb' on input line 1353.
Package xcolor Info: Model `RGB' extended on input line 1365.
Package xcolor Info: Model `HTML' substituted by `rgb' on input line 1367.
Package xcolor Info: Model `Hsb' substituted by `hsb' on input line 1368.
Package xcolor Info: Model `tHsb' substituted by `hsb' on input line 1369.
Package xcolor Info: Model `HSB' substituted by `hsb' on input line 1370.
Package xcolor Info: Model `Gray' substituted by `gray' on input line 1371.
Package xcolor Info: Model `wave' substituted by `hsb' on input line 1372.
)
(D:\softwares\MiKTeX\tex/latex/booktabs\booktabs.sty
Package: booktabs 2020/01/12 v1.61803398 Publication quality tables
\heavyrulewidth=\dimen183
\lightrulewidth=\dimen184
\cmidrulewidth=\dimen185
\belowrulesep=\dimen186
\belowbottomsep=\dimen187
\aboverulesep=\dimen188
\abovetopsep=\dimen189
\cmidrulesep=\dimen190
\cmidrulekern=\dimen191
\defaultaddspace=\dimen192
\@cmidla=\count306
\@cmidlb=\count307
\@aboverulesep=\dimen193
\@belowrulesep=\dimen194
\@thisruleclass=\count308
\@lastruleclass=\count309
\@thisrulewidth=\dimen195
)
(D:\softwares\MiKTeX\tex/latex/listings\listings.sty
\lst@mode=\count310
\lst@gtempboxa=\box57
\lst@token=\toks24
\lst@length=\count311
\lst@currlwidth=\dimen196
\lst@column=\count312
\lst@pos=\count313
\lst@lostspace=\dimen197
\lst@width=\dimen198
\lst@newlines=\count314
\lst@lineno=\count315
\lst@maxwidth=\dimen199

(D:\softwares\MiKTeX\tex/latex/listings\lstpatch.sty
File: lstpatch.sty 2025/11/14 1.11b (Carsten Heinz)
)
(D:\softwares\MiKTeX\tex/latex/listings\lstmisc.sty
File: lstmisc.sty 2025/11/14 1.11b (Carsten Heinz)
\c@lstnumber=\count316
\lst@skipnumbers=\count317
\lst@framebox=\box58
)
(D:\softwares\MiKTeX\tex/latex/listings\listings.cfg
File: listings.cfg 2025/11/14 1.11b listings configuration
))
Package: listings 2025/11/14 1.11b (Carsten Heinz)

==> First Aid for listings.sty no longer applied!
    Expected:
        2024/09/23 1.10c (Carsten Heinz)
    but found:
        2025/11/14 1.11b (Carsten Heinz)
    so I'm assuming it got fixed.
(D:\softwares\MiKTeX\tex/latex/hyperref\hyperref.sty
Package: hyperref 2025-07-12 v7.01o Hypertext links for LaTeX

(D:\softwares\MiKTeX\tex/generic/iftex\iftex.sty
Package: iftex 2024/12/12 v1.0g TeX engine tests
)
(D:\softwares\MiKTeX\tex/latex/kvsetkeys\kvsetkeys.sty
Package: kvsetkeys 2022-10-05 v1.19 Key value parser (HO)
)
(D:\softwares\MiKTeX\tex/generic/kvdefinekeys\kvdefinekeys.sty
Package: kvdefinekeys 2019-12-19 v1.6 Define keys (HO)
)
(D:\softwares\MiKTeX\tex/generic/pdfescape\pdfescape.sty
Package: pdfescape 2019/12/09 v1.15 Implements pdfTeX's escape features (HO)

(D:\softwares\MiKTeX\tex/generic/ltxcmds\ltxcmds.sty
Package: ltxcmds 2023-12-04 v1.26 LaTeX kernel commands for general use (HO)
)
(D:\softwares\MiKTeX\tex/generic/pdftexcmds\pdftexcmds.sty
Package: pdftexcmds 2020-06-27 v0.33 Utility functions of pdfTeX for LuaTeX (HO
)

(D:\softwares\MiKTeX\tex/generic/infwarerr\infwarerr.sty
Package: infwarerr 2019/12/03 v1.5 Providing info/warning/error messages (HO)
)
Package pdftexcmds Info: \pdf@primitive is available.
Package pdftexcmds Info: \pdf@ifprimitive is available.
Package pdftexcmds Info: \pdfdraftmode found.
))
(D:\softwares\MiKTeX\tex/latex/hycolor\hycolor.sty
Package: hycolor 2020-01-27 v1.10 Color options for hyperref/bookmark (HO)
)
(D:\softwares\MiKTeX\tex/latex/hyperref\nameref.sty
Package: nameref 2025-06-21 v2.57 Cross-referencing by name of section

(D:\softwares\MiKTeX\tex/latex/refcount\refcount.sty
Package: refcount 2019/12/15 v3.6 Data extraction from label references (HO)
)
(D:\softwares\MiKTeX\tex/generic/gettitlestring\gettitlestring.sty
Package: gettitlestring 2019/12/15 v1.6 Cleanup title references (HO)

(D:\softwares\MiKTeX\tex/latex/kvoptions\kvoptions.sty
Package: kvoptions 2022-06-15 v3.15 Key value format for package options (HO)
))
\c@section@level=\count318
)
(D:\softwares\MiKTeX\tex/latex/etoolbox\etoolbox.sty
Package: etoolbox 2025/10/02 v2.5m e-TeX tools for LaTeX (JAW)
\etb@tempcnta=\count319
)
(D:\softwares\MiKTeX\tex/generic/stringenc\stringenc.sty
Package: stringenc 2019/11/29 v1.12 Convert strings between diff. encodings (HO
)
)
\@linkdim=\dimen256
\Hy@linkcounter=\count320
\Hy@pagecounter=\count321

(D:\softwares\MiKTeX\tex/latex/hyperref\pd1enc.def
File: pd1enc.def 2025-07-12 v7.01o Hyperref: PDFDocEncoding definition (HO)
Now handling font encoding PD1 ...
... no UTF-8 mapping file for font encoding PD1
)
(D:\softwares\MiKTeX\tex/generic/intcalc\intcalc.sty
Package: intcalc 2019/12/15 v1.3 Expandable calculations with integers (HO)
)
\Hy@SavedSpaceFactor=\count322

(D:\softwares\MiKTeX\tex/latex/hyperref\puenc.def
File: puenc.def 2025-07-12 v7.01o Hyperref: PDF Unicode definition (HO)
Now handling font encoding PU ...
... no UTF-8 mapping file for font encoding PU
)
Package hyperref Info: Hyper figures OFF on input line 4195.
Package hyperref Info: Link nesting OFF on input line 4200.
Package hyperref Info: Hyper index ON on input line 4203.
Package hyperref Info: Plain pages OFF on input line 4210.
Package hyperref Info: Backreferencing OFF on input line 4215.
Package hyperref Info: Implicit mode ON; LaTeX internals redefined.
Package hyperref Info: Bookmarks ON on input line 4462.
\c@Hy@tempcnt=\count323

(D:\softwares\MiKTeX\tex/latex/url\url.sty
\Urlmuskip=\muskip18
Package: url 2013/09/16  ver 3.4  Verb mode for urls, etc.
)
LaTeX Info: Redefining \url on input line 4801.
\XeTeXLinkMargin=\dimen257

(D:\softwares\MiKTeX\tex/generic/bitset\bitset.sty
Package: bitset 2019/12/09 v1.3 Handle bit-vector datatype (HO)

(D:\softwares\MiKTeX\tex/generic/bigintcalc\bigintcalc.sty
Package: bigintcalc 2019/12/15 v1.5 Expandable calculations on big integers (HO
)
))
\Fld@menulength=\count324
\Field@Width=\dimen258
\Fld@charsize=\dimen259
Package hyperref Info: Hyper figures OFF on input line 6078.
Package hyperref Info: Link nesting OFF on input line 6083.
Package hyperref Info: Hyper index ON on input line 6086.
Package hyperref Info: backreferencing OFF on input line 6093.
Package hyperref Info: Link coloring OFF on input line 6098.
Package hyperref Info: Link coloring with OCG OFF on input line 6103.
Package hyperref Info: PDF/A mode OFF on input line 6108.
\Hy@abspage=\count325
\c@Item=\count326
\c@Hfootnote=\count327
)
Package hyperref Info: Driver (autodetected): hpdftex.

(D:\softwares\MiKTeX\tex/latex/hyperref\hpdftex.def
File: hpdftex.def 2025-07-12 v7.01o Hyperref driver for pdfTeX
\Fld@listcount=\count328
\c@bookmark@seq@number=\count329

(D:\softwares\MiKTeX\tex/latex/rerunfilecheck\rerunfilecheck.sty
Package: rerunfilecheck 2025-06-21 v1.11 Rerun checks for auxiliary files (HO)

(D:\softwares\MiKTeX\tex/generic/uniquecounter\uniquecounter.sty
Package: uniquecounter 2019/12/15 v1.4 Provide unlimited unique counter (HO)
)
Package uniquecounter Info: New unique counter `rerunfilecheck' on input line 2
84.
)
\Hy@SectionHShift=\skip57
)
(D:\softwares\MiKTeX\tex/latex/cleveref\cleveref.sty
Package: cleveref 2018/03/27 v0.21.4 Intelligent cross-referencing
Package cleveref Info: `hyperref' support loaded on input line 2370.
LaTeX Info: Redefining \cref on input line 2370.
LaTeX Info: Redefining \Cref on input line 2370.
LaTeX Info: Redefining \crefrange on input line 2370.
LaTeX Info: Redefining \Crefrange on input line 2370.
LaTeX Info: Redefining \cpageref on input line 2370.
LaTeX Info: Redefining \Cpageref on input line 2370.
LaTeX Info: Redefining \cpagerefrange on input line 2370.
LaTeX Info: Redefining \Cpagerefrange on input line 2370.
LaTeX Info: Redefining \labelcref on input line 2370.
LaTeX Info: Redefining \labelcpageref on input line 2370.
Package cleveref Info: `listings' support loaded on input line 3131.
)
==> First Aid for cleveref.sty applied!
(D:\softwares\MiKTeX\tex/latex/preprint\balance.sty
Package: balance 1999/02/23 4.3 (PWD)
\oldvsize=\dimen260
)
(D:\softwares\MiKTeX\tex/latex/listings\lstlang1.sty
File: lstlang1.sty 2025/11/14 1.11b listings language file
)
(D:\softwares\MiKTeX\tex/latex/listings\lstmisc.sty
File: lstmisc.sty 2025/11/14 1.11b (Carsten Heinz)
)
(D:\softwares\MiKTeX\tex/latex/l3backend\l3backend-pdftex.def
File: l3backend-pdftex.def 2025-10-09 L3 backend support: PDF output (pdfTeX)
\l__color_backend_stack_int=\count330
) (paper.aux)
\openout1 = `paper.aux'.

LaTeX Font Info:    Checking defaults for OML/cmm/m/it on input line 40.
LaTeX Font Info:    ... okay on input line 40.
LaTeX Font Info:    Checking defaults for OMS/cmsy/m/n on input line 40.
LaTeX Font Info:    ... okay on input line 40.
LaTeX Font Info:    Checking defaults for OT1/cmr/m/n on input line 40.
LaTeX Font Info:    ... okay on input line 40.
LaTeX Font Info:    Checking defaults for T1/cmr/m/n on input line 40.
LaTeX Font Info:    ... okay on input line 40.
LaTeX Font Info:    Checking defaults for TS1/cmr/m/n on input line 40.
LaTeX Font Info:    ... okay on input line 40.
LaTeX Font Info:    Checking defaults for OMX/cmex/m/n on input line 40.
LaTeX Font Info:    ... okay on input line 40.
LaTeX Font Info:    Checking defaults for U/cmr/m/n on input line 40.
LaTeX Font Info:    ... okay on input line 40.
LaTeX Font Info:    Checking defaults for PD1/pdf/m/n on input line 40.
LaTeX Font Info:    ... okay on input line 40.
LaTeX Font Info:    Checking defaults for PU/pdf/m/n on input line 40.
LaTeX Font Info:    ... okay on input line 40.

-- Lines per column: 56 (exact).
(D:\softwares\MiKTeX\tex/context/base/mkii\supp-pdf.mkii
[Loading MPS to PDF converter (version 2006.09.02).]
\scratchcounter=\count331
\scratchdimen=\dimen261
\scratchbox=\box59
\nofMPsegments=\count332
\nofMParguments=\count333
\everyMPshowfont=\toks25
\MPscratchCnt=\count334
\MPscratchDim=\dimen262
\MPnumerator=\count335
\makeMPintoPDFobject=\count336
\everyMPtoPDFconversion=\toks26
) (D:\softwares\MiKTeX\tex/latex/epstopdf-pkg\epstopdf-base.sty
Package: epstopdf-base 2020-01-24 v2.11 Base part for package epstopdf
Package epstopdf-base Info: Redefining graphics rule for `.eps' on input line 4
85.

(D:\softwares\MiKTeX\tex/latex/00miktex\epstopdf-sys.cfg
File: epstopdf-sys.cfg 2021/03/18 v2.0 Configuration of epstopdf for MiKTeX
))
\c@lstlisting=\count337
Package hyperref Info: Link coloring OFF on input line 40.
 (paper.out)
(paper.out)
\@outlinefile=\write3
\openout3 = `paper.out'.

LaTeX Font Info:    Trying to load font information for U+msa on input line 54.

 (D:\softwares\MiKTeX\tex/latex/amsfonts\umsa.fd
File: umsa.fd 2013/01/14 v3.01 AMS symbols A
)
LaTeX Font Info:    Trying to load font information for U+msb on input line 54.


(D:\softwares\MiKTeX\tex/latex/amsfonts\umsb.fd
File: umsb.fd 2013/01/14 v3.01 AMS symbols B
)
Underfull \hbox (badness 2302) in paragraph at lines 64--65
[]\OT1/ptm/m/n/10 A com-plete bare-metal geo-ref-er-enc-ing pipeline on
 []


Underfull \hbox (badness 4792) in paragraph at lines 65--66
[]\OT1/ptm/m/n/10 A doc-u-mented method-ol-ogy for de-vel-op-ing such
 []

[1{C:/Users/hvnth/AppData/Local/MiKTeX/fonts/map/pdftex/pdftex.map}{D:/software
s/MiKTeX/fonts/enc/dvips/base/8r.enc}


]
Underfull \hbox (badness 2096) in paragraph at lines 79--80
 \OT1/ptm/m/it/10 c) Hardware-in-the-Loop Ver-i-fi-ca-tion: [][] \OT1/ptm/m/n/1
0 Ren-ode is an
 []


Underfull \hbox (badness 4556) in paragraph at lines 82--83
 \OT1/ptm/m/it/10 d) MAVLink Pro-to-col: [][] \OT1/ptm/m/n/10 MAVLink is a ligh
tweight
 []

LaTeX Font Info:    Trying to load font information for OT1+pcr on input line 8
8.
(D:\softwares\MiKTeX\tex/latex/psnfss\ot1pcr.fd
File: ot1pcr.fd 2001/06/04 font definitions for OT1/pcr.
)
Underfull \hbox (badness 2080) in paragraph at lines 88--89
\OT1/ptm/m/n/10 at \OT1/pcr/m/n/10 0x08000000\OT1/ptm/m/n/10 , and 520KB in-ter
-nal AXI SRAM at
 []

<figures/fig6_memory_map.pdf, id=128, 207.14137pt x 238.36844pt>
File: figures/fig6_memory_map.pdf Graphic file (type pdf)
<use figures/fig6_memory_map.pdf>
Package pdftex.def Info: figures/fig6_memory_map.pdf  used on input line 92.
(pdftex.def)             Requested size: 232.19843pt x 267.19995pt.
<figures/fig1_pipeline.pdf, id=130, 394.95557pt x 159.6742pt>
File: figures/fig1_pipeline.pdf Graphic file (type pdf)
<use figures/fig1_pipeline.pdf>
Package pdftex.def Info: figures/fig1_pipeline.pdf  used on input line 102.
(pdftex.def)             Requested size: 490.19843pt x 198.1864pt.

Underfull \hbox (badness 10000) in paragraph at lines 111--112
[]\OT1/ptm/b/n/10 Stage 3---Lock-Free Ring Buffer\OT1/ptm/m/n/10 : A single-
 []

<figures/fig5_defect_taxonomy.pdf, id=132, 418.49663pt x 206.61841pt>
File: figures/fig5_defect_taxonomy.pdf Graphic file (type pdf)
<use figures/fig5_defect_taxonomy.pdf>
Package pdftex.def Info: figures/fig5_defect_taxonomy.pdf  used on input line 1
26.
(pdftex.def)             Requested size: 247.6778pt x 122.28528pt.
[2 <./figures/fig6_memory_map.pdf>]
<figures/fig3_cache_coherency.pdf, id=231, 394.95557pt x 176.36856pt>
File: figures/fig3_cache_coherency.pdf Graphic file (type pdf)
<use figures/fig3_cache_coherency.pdf>
Package pdftex.def Info: figures/fig3_cache_coherency.pdf  used on input line 1
52.
(pdftex.def)             Requested size: 247.6778pt x 110.60144pt.

! Missing $ inserted.
<inserted text> 
                $
l.157 ...x uses \texttt{\_\_attribute__((packed))}
                                                  .
I've inserted a begin-math/end-math symbol since I think
you left one out. Proceed, with fingers crossed.

! Missing { inserted.
<to be read again> 
                   _
l.157 ...x uses \texttt{\_\_attribute__((packed))}
                                                  .
A left brace was mandatory here, so I've put one in.
You might want to delete and/or insert some corrections
so that I will find a matching right brace soon.
(If you're confused by all this, try typing `I}' now.)

! Missing $ inserted.
<inserted text> 
                $
l.158 
      
I've inserted a begin-math/end-math symbol since I think
you left one out. Proceed, with fingers crossed.


Underfull \hbox (badness 4634) in paragraph at lines 157--158
[]\OT1/ptm/b/n/10 Defect---Struct pack-ing\OT1/ptm/m/n/10 : The MAVLink AT-TI-T
UDE
 []


Underfull \hbox (badness 10000) in paragraph at lines 161--162
[]\OT1/pcr/m/n/10 TIM2 is configured for
 []


Underfull \hbox (badness 10000) in paragraph at lines 161--162
\OT1/pcr/m/n/10 microsecond-precise frame-sync
 []


Underfull \hbox (badness 10000) in paragraph at lines 163--164
[]\OT1/pcr/b/n/10 Defect---Prescaler shadow load\OT1/pcr/m/n/10 : Writing
 []


Underfull \hbox (badness 10000) in paragraph at lines 163--164
\OT1/pcr/m/n/10 TIM2_PSC = 239 updates only the shadow
 []


Underfull \hbox (badness 10000) in paragraph at lines 163--164
\OT1/pcr/m/n/10 register; the timer does not count until
 []


Underfull \hbox (badness 10000) in paragraph at lines 163--164
\OT1/pcr/m/n/10 an explicit update event (TIM2_EGR =
 []


Underfull \hbox (badness 10000) in paragraph at lines 163--164
\OT1/pcr/m/n/10 TIM_EGR_UG) is generated. Without this,
 []


Underfull \hbox (badness 10000) in paragraph at lines 165--166
[]\OT1/pcr/b/n/10 Defect---Priority inversion\OT1/pcr/m/n/10 : The EXTI
 []


Underfull \hbox (badness 10000) in paragraph at lines 165--166
\OT1/pcr/m/n/10 frame-sync ISR was initially at higher
 []


Underfull \hbox (badness 10000) in paragraph at lines 165--166
\OT1/pcr/m/n/10 before the hardware capture completed,
 []


Underfull \hbox (badness 10000) in paragraph at lines 165--166
\OT1/pcr/m/n/10 returning a stale value. The fix uses
 []

[3 <./figures/fig1_pipeline.pdf> <./figures/fig5_defect_taxonomy.pdf> <./figure
s/fig3_cache_coherency.pdf>]
Underfull \hbox (badness 10000) in paragraph at lines 169--170
[]\OT1/pcr/m/n/10 A 64-entry SPSC ring buffer passes state
 []


Underfull \hbox (badness 10000) in paragraph at lines 171--172
[]\OT1/pcr/b/n/10 Defect---Memory barrier\OT1/pcr/m/n/10 : The Cortex-M7
 []


Underfull \hbox (badness 10000) in paragraph at lines 171--172
\OT1/pcr/m/n/10 out-of-order pipeline with its write
 []


Underfull \hbox (badness 10000) in paragraph at lines 171--172
\OT1/pcr/m/n/10 buffer means the index update (head++)
 []


Underfull \hbox (badness 10000) in paragraph at lines 171--172
\OT1/pcr/m/n/10 SRAM. The consumer sees the updated index
 []


Underfull \hbox (badness 10000) in paragraph at lines 171--172
\OT1/pcr/m/n/10 but reads stale data. The fix inserts a
 []


Underfull \hbox (badness 10000) in paragraph at lines 171--172
\OT1/pcr/m/n/10 DMB barrier between the data write and
 []


Underfull \hbox (badness 10000) in paragraph at lines 175--176
[]\OT1/pcr/m/n/10 The 6-state EKF uses CMSIS-DSP
 []


Underfull \hbox (badness 10000) in paragraph at lines 175--176
\OT1/pcr/m/n/10 matrix operations (arm_mat_mult_f32,
 []


Underfull \hbox (badness 10000) in paragraph at lines 177--178
[]\OT1/pcr/b/n/10 Defect---Matrix aliasing\OT1/pcr/m/n/10 : All
 []


Underfull \hbox (badness 10000) in paragraph at lines 177--178
\OT1/pcr/m/n/10 intermediate matrices initially
 []


Underfull \hbox (badness 10000) in paragraph at lines 177--178
\OT1/pcr/m/n/10 shared a single buffer. CMSIS-DSP's
 []


Underfull \hbox (badness 10000) in paragraph at lines 177--178
\OT1/pcr/m/n/10 arm_mat_mult_f32 writes results
 []


Underfull \hbox (badness 10000) in paragraph at lines 177--178
\OT1/pcr/m/n/10 sequentially; when source and destination
 []


Underfull \hbox (badness 10000) in paragraph at lines 177--178
\OT1/pcr/m/n/10 overlap, it overwrites its own inputs
 []


Underfull \hbox (badness 10000) in paragraph at lines 177--178
\OT1/pcr/m/n/10 mid-computation, causing the EKF to
 []


Underfull \hbox (badness 10000) in paragraph at lines 179--180
[]\OT1/pcr/b/n/10 Defect---Missing sqrtf\OT1/pcr/m/n/10 : Range prediction
 []


Underfull \hbox (badness 10000) in paragraph at lines 179--180
\OT1/pcr/m/n/10 used $\OML/cmm/m/it/10 r[]$ \OT1/pcr/m/n/10 instead of $[]$. Co
rrected with
 []


Underfull \hbox (badness 10000) in paragraph at lines 181--182
[]\OT1/pcr/b/n/10 Defect---Incomplete Jacobian\OT1/pcr/m/n/10 : Rows 1 and
 []


Underfull \hbox (badness 10000) in paragraph at lines 181--182
\OT1/pcr/m/n/10 2 of the $\OT1/cmr/m/n/10 4 \OMS/cmsy/m/n/10 ^^B \OT1/cmr/m/n/1
0 6$ \OT1/pcr/m/n/10 measurement Jacobian were
 []


Underfull \hbox (badness 10000) in paragraph at lines 181--182
\OT1/pcr/m/n/10 left zero, preventing angle measurements
 []


Underfull \hbox (badness 10000) in paragraph at lines 181--182
\OT1/pcr/m/n/10 from updating the state. Correctly
 []


Underfull \hbox (badness 10000) in paragraph at lines 181--182
\OT1/pcr/m/n/10 populated with partial derivatives of
 []


Underfull \hbox (badness 10000) in paragraph at lines 185--186
[]\OT1/pcr/b/n/10 Defect---Quaternion rotation direction\OT1/pcr/m/n/10 :
 []


Underfull \hbox (badness 10000) in paragraph at lines 185--186
\OT1/pcr/m/n/10 the forward quaternion, rotating targets
 []


Underfull \hbox (badness 10000) in paragraph at lines 189--190
[]\OT1/pcr/b/n/10 CS07 (Output Stream)\OT1/pcr/m/n/10 : Frame length
 []


Underfull \hbox (badness 10000) in paragraph at lines 189--190
\OT1/pcr/m/n/10 bytes) fixed by tracking actual packed
 []


Underfull \hbox (badness 10000) in paragraph at lines 189--190
\OT1/pcr/m/n/10 offset. SPI DMA contention fixed by using
 []


Underfull \hbox (badness 10000) in paragraph at lines 189--190
\OT1/pcr/m/n/10 DMA2 for SPI1 TX (separate bus from DMA1
 []


Underfull \hbox (badness 10000) in paragraph at lines 191--192
[]\OT1/pcr/b/n/10 CS08 (Fault Resilience)\OT1/pcr/m/n/10 : Buffer overflow
 []


Underfull \hbox (badness 10000) in paragraph at lines 191--192
\OT1/pcr/m/n/10 fixed with bounds checking. NaN injection
 []


Underfull \hbox (badness 10000) in paragraph at lines 193--194
[]\OT1/pcr/b/n/10 CS09 (Cache & MPU)\OT1/pcr/m/n/10 : MPU Region0
 []


Underfull \hbox (badness 10000) in paragraph at lines 193--194
\OT1/pcr/m/n/10 configured for SDRAM with XN bit;
 []


Underfull \hbox (badness 10000) in paragraph at lines 193--194
\OT1/pcr/m/n/10 cache maintenance strategy uses manual
 []


Underfull \hbox (badness 10000) in paragraph at lines 195--196
[]\OT1/pcr/b/n/10 CS10 (Power Management)\OT1/pcr/m/n/10 : WFI lost-wakeup
 []


Underfull \hbox (badness 10000) in paragraph at lines 195--196
\OT1/pcr/m/n/10 race fixed with PRIMASK critical section.
 []


Underfull \hbox (badness 10000) in paragraph at lines 195--196
\OT1/pcr/m/n/10 SLEEPDEEP bit cleared to keep peripherals
 []


Underfull \hbox (badness 10000) in paragraph at lines 197--198
[]\OT1/pcr/b/n/10 CS11 (Integration)\OT1/pcr/m/n/10 : Parser multi-packet
 []


Underfull \hbox (badness 10000) in paragraph at lines 197--198
\OT1/pcr/m/n/10 loss fixed by processing one packet per
 []


Underfull \hbox (badness 10000) in paragraph at lines 197--198
\OT1/pcr/m/n/10 call. Ring buffer pop-push aliasing fixed
 []


Underfull \hbox (badness 10000) in paragraph at lines 204--206
[]\OT1/pcr/m/n/10 The firmware is verified in Renode
 []


Underfull \hbox (badness 10000) in paragraph at lines 206--207
[]\OT1/pcr/m/n/10 Creates an STM32H753XI machine and
 []


Underfull \hbox (badness 10000) in paragraph at lines 207--208
[]\OT1/pcr/m/n/10 Injects MAVLinkv2 packets directly
 []


Underfull \hbox (badness 10000) in paragraph at lines 207--208
\OT1/pcr/m/n/10 into the DMA buffer at 0x24000020 via
 []


Underfull \hbox (badness 10000) in paragraph at lines 208--209
[]\OT1/pcr/m/n/10 Sets sim_rx_count at 0x24000010 to
 []


Underfull \hbox (badness 10000) in paragraph at lines 209--210
[]\OT1/pcr/m/n/10 Triggers frame-sync via
 []


Underfull \hbox (badness 10000) in paragraph at lines 210--211
[]\OT1/pcr/m/n/10 Advances virtual time and inspects
 []


Underfull \hbox (badness 10000) in paragraph at lines 210--211
\OT1/pcr/m/n/10 UART output for georeferenced
 []


Underfull \hbox (badness 10000) in paragraph at lines 213--214
[]\OT1/pcr/m/n/10 Real MAVLinkv2 packets with correct CRCs
 []


Underfull \hbox (badness 10000) in paragraph at lines 213--214
\OT1/pcr/m/n/10 are generated using pymavlink, simulating
 []


Underfull \hbox (badness 10000) in paragraph at lines 213--214
\OT1/pcr/m/n/10 3m/s, climbing at 0.5m/s, with sinusoidal
 []


Underfull \hbox (badness 10000) in paragraph at lines 217--218
[]\OT1/pcr/m/n/10 Figure []5[] shows the EKF convergence. The
 []


Underfull \hbox (badness 10000) in paragraph at lines 217--218
\OT1/pcr/m/n/10 position estimate converges to within 5cm
 []


Underfull \hbox (badness 10000) in paragraph at lines 217--218
\OT1/pcr/m/n/10 of the true value within 0.5s. Innovation
 []


Underfull \hbox (badness 10000) in paragraph at lines 217--218
\OT1/pcr/m/n/10 remains within the 2$\OML/cmm/m/it/10 ^^[$ \OT1/pcr/m/n/10 gate
, confirming
 []

<figures/fig2_ekf_convergence.pdf, id=475, 491.70325pt x 156.39227pt>
File: figures/fig2_ekf_convergence.pdf Graphic file (type pdf)
<use figures/fig2_ekf_convergence.pdf>
Package pdftex.def Info: figures/fig2_ekf_convergence.pdf  used on input line 2
21.
(pdftex.def)             Requested size: 490.19843pt x 155.91699pt.

Underfull \hbox (badness 10000) in paragraph at lines 228--229
[]\OT1/pcr/m/n/10 Figure []6[] shows the pipeline timing.
 []


Underfull \hbox (badness 10000) in paragraph at lines 228--229
\OT1/pcr/m/n/10 MAVLink packets arrive at 100Hz (10ms
 []


Underfull \hbox (badness 10000) in paragraph at lines 228--229
\OT1/pcr/m/n/10 period). Frame-sync pulses at 10Hz (100ms
 []


Underfull \hbox (badness 10000) in paragraph at lines 228--229
\OT1/pcr/m/n/10 period) trigger EKF updates. The EKF
 []


Underfull \hbox (badness 10000) in paragraph at lines 228--229
\OT1/pcr/m/n/10 output is produced within 1ms of each
 []

<figures/fig4_timing.pdf, id=477, 451.21262pt x 153.17601pt>
File: figures/fig4_timing.pdf Graphic file (type pdf)
<use figures/fig4_timing.pdf>
Package pdftex.def Info: figures/fig4_timing.pdf  used on input line 232.
(pdftex.def)             Requested size: 247.6778pt x 84.0811pt.

Underfull \hbox (badness 10000) in paragraph at lines 239--240
[]\OT1/pcr/m/n/10 Table []I[] summarizes resource utilization.
 []


Underfull \hbox (badness 10000) in paragraph at lines 239--240
\OT1/pcr/m/n/10 The firmware uses less than 3% of
 []


Underfull \hbox (badness 10000) in paragraph at lines 239--240
\OT1/pcr/m/n/10 available memory and completes all
 []


Underfull \hbox (badness 10000) in paragraph at lines 239--240
\OT1/pcr/m/n/10 processing within the 10ms MAVLink
 []


Underfull \hbox (badness 10000) in paragraph at lines 262--263
[]\OT1/pcr/m/n/10 Silicon-boundary defects (cache
 []


Underfull \hbox (badness 10000) in paragraph at lines 262--263
\OT1/pcr/m/n/10 coherency, timer behavior, matrix
 []


Underfull \hbox (badness 10000) in paragraph at lines 262--263
\OT1/pcr/m/n/10 aliasing, quaternion math) comprise
 []


Underfull \hbox (badness 10000) in paragraph at lines 262--263
\OT1/pcr/m/n/10 the largest category (6/17),
 []


Underfull \hbox (badness 10000) in paragraph at lines 262--263
\OT1/pcr/m/n/10 confirming the observation that
 []


Underfull \hbox (badness 10000) in paragraph at lines 262--263
\OT1/pcr/m/n/10 firmware/compiler/hardware interaction
 []


Underfull \hbox (badness 10000) in paragraph at lines 262--263
\OT1/pcr/m/n/10 defects are the most common and
 []


Underfull \hbox (badness 10000) in paragraph at lines 262--263
\OT1/pcr/m/n/10 most dangerous class in bare-metal
 []


Underfull \hbox (badness 10000) in paragraph at lines 262--263
\OT1/pcr/m/n/10 development [[]2[]]. These defects are
 []


Underfull \hbox (badness 10000) in paragraph at lines 262--263
\OT1/pcr/m/n/10 invisible to code review and compiler
 []


Underfull \hbox (badness 10000) in paragraph at lines 262--263
\OT1/pcr/m/n/10 diagnostics---they manifest only in
 []

[4]
LaTeX Font Info:    Font shape `OT1/pcr/m/it' in size <10> not available
(Font)              Font shape `OT1/pcr/m/sl' tried instead on input line 266.

Underfull \hbox (badness 10000) in paragraph at lines 266--267
[]\OT1/pcr/m/n/10 Renode's functional model does not
 []


Underfull \hbox (badness 10000) in paragraph at lines 266--267
\OT1/pcr/m/n/10 implement L1 cache, DMAMUX, or timer
 []


Underfull \hbox (badness 10000) in paragraph at lines 266--267
\OT1/pcr/m/n/10 input capture with full fidelity. Three
 []


Underfull \hbox (badness 10000) in paragraph at lines 266--267
\OT1/pcr/m/n/10 of our cache-coherency and timer-related
 []


Underfull \hbox (badness 10000) in paragraph at lines 266--267
\OT1/pcr/m/n/10 fixes are \OT1/pcr/m/sl/10 invisible \OT1/pcr/m/n/10 in Renode-
--the
 []


Underfull \hbox (badness 10000) in paragraph at lines 266--267
\OT1/pcr/m/n/10 complaint. This divergence necessitates:
 []


Underfull \hbox (badness 10000) in paragraph at lines 266--267
\OT1/pcr/m/n/10 (1) writing firmware defensively for
 []


Underfull \hbox (badness 10000) in paragraph at lines 266--267
\OT1/pcr/m/n/10 silicon correctness, and (2) documenting
 []


Underfull \hbox (badness 10000) in paragraph at lines 266--267
\OT1/pcr/m/n/10 which fixes require physical-hardware
 []


Underfull \hbox (badness 10000) in paragraph at lines 270--271
[]\OT1/pcr/m/n/10 Current limitations include: (a)
 []


Underfull \hbox (badness 10000) in paragraph at lines 270--271
\OT1/pcr/m/n/10 scenarios require data association;
 []


Underfull \hbox (badness 10000) in paragraph at lines 270--271
\OT1/pcr/m/n/10 (b) simplified 6-state EKF without
 []


Underfull \hbox (badness 10000) in paragraph at lines 270--271
\OT1/pcr/m/n/10 sensor bias estimation; (c) no formal
 []


Underfull \hbox (badness 10000) in paragraph at lines 270--271
\OT1/pcr/m/n/10 WCET analysis. Future work targets
 []


Underfull \hbox (badness 10000) in paragraph at lines 270--271
\OT1/pcr/m/n/10 physical-hardware validation on
 []


Underfull \hbox (badness 10000) in paragraph at lines 275--276
[]\OT1/pcr/m/n/10 This paper presented a deterministic
 []


Underfull \hbox (badness 10000) in paragraph at lines 275--276
\OT1/pcr/m/n/10 radar-inertial georeferencing coprocessor
 []


Underfull \hbox (badness 10000) in paragraph at lines 275--276
\OT1/pcr/m/n/10 on the STM32H753XI, implementing a
 []


Underfull \hbox (badness 10000) in paragraph at lines 275--276
\OT1/pcr/m/n/10 complete six-stage pipeline from MAVLink
 []


Underfull \hbox (badness 10000) in paragraph at lines 275--276
\OT1/pcr/m/n/10 reception to WGS84 coordinate output
 []


Underfull \hbox (badness 10000) in paragraph at lines 275--276
\OT1/pcr/m/n/10 Developed across eleven progressive case
 []


Underfull \hbox (badness 10000) in paragraph at lines 275--276
\OT1/pcr/m/n/10 studies exposing seventeen defects across
 []


Underfull \hbox (badness 10000) in paragraph at lines 275--276
\OT1/pcr/m/n/10 build, compiler, silicon, algorithm,
 []


Underfull \hbox (badness 10000) in paragraph at lines 275--276
\OT1/pcr/m/n/10 the firmware achieves sub-millisecond
 []


Underfull \hbox (badness 10000) in paragraph at lines 275--276
\OT1/pcr/m/n/10 deterministic end-to-end latency verified
 []


Underfull \hbox (badness 10000) in paragraph at lines 275--276
\OT1/pcr/m/n/10 through Renode hardware-in-the-loop
 []


Underfull \hbox (badness 10000) in paragraph at lines 275--276
\OT1/pcr/m/n/10 simulation with real MAVLinkv2 telemetry.
 []


Underfull \hbox (badness 10000) in paragraph at lines 275--276
\OT1/pcr/m/n/10 The work contributes a documented
 []


Underfull \hbox (badness 10000) in paragraph at lines 275--276
\OT1/pcr/m/n/10 methodology for simulator-aware,
 []


Underfull \hbox (badness 10000) in paragraph at lines 275--276
\OT1/pcr/m/n/10 hardware-conscious embedded firmware
 []


Underfull \hbox (badness 10000) in paragraph at lines 275--276
\OT1/pcr/m/n/10 development and a reproducible taxonomy
 []

[5 <./figures/fig2_ekf_convergence.pdf> <./figures/fig4_timing.pdf>]
Underfull \hbox (badness 10000) in paragraph at lines 279--280
[]\OT1/pcr/m/n/10 The authors thank the Renode development
 []


Underfull \hbox (badness 10000) in paragraph at lines 279--280
\OT1/pcr/m/n/10 team for their open-source simulation
 []


Underfull \hbox (badness 10000) in paragraph at lines 279--280
\OT1/pcr/m/n/10 framework and the pymavlink maintainers
 []

(paper.bbl
LaTeX Font Info:    Font shape `OT1/pcr/m/it' in size <8> not available
(Font)              Font shape `OT1/pcr/m/sl' tried instead on input line 25.

Underfull \hbox (badness 10000) in paragraph at lines 25--27
[]\OT1/pcr/m/n/8 S. Thrun, W. Burgard, and D. Fox, \OT1/pcr/m/sl/8 Probabilisti
c
 []


Underfull \hbox (badness 10000) in paragraph at lines 29--32
[]\OT1/pcr/m/n/8 M. Barr and A. Massa, \OT1/pcr/m/sl/8 Programming Embedded
 []


Underfull \hbox (badness 10000) in paragraph at lines 29--32
\OT1/pcr/m/sl/8 Systems: With C and GNU Development Tools\OT1/pcr/m/n/8 ,
 []


Underfull \hbox (badness 10000) in paragraph at lines 34--38
[]\OT1/pcr/m/n/8 Y. Xue \OT1/pcr/m/sl/8 et al.\OT1/pcr/m/n/8 , ``Research on th
e STM32 based
 []


Underfull \hbox (badness 10000) in paragraph at lines 34--38
\OT1/pcr/m/n/8 inertial navigation integrated system of
 []


Underfull \hbox (badness 10000) in paragraph at lines 34--38
\OT1/pcr/m/n/8 UAV,'' in \OT1/pcr/m/sl/8 2025 IEEE Conference on Industrial
 []


Underfull \hbox (badness 10000) in paragraph at lines 40--43
[]\OT1/pcr/m/n/8 V. Authors, ``SmokeNav: Millimeter-wave
 []


Underfull \hbox (badness 10000) in paragraph at lines 40--43
\OT1/pcr/m/n/8 radar/IMU integrated positioning in visually
 []


Underfull \hbox (badness 10000) in paragraph at lines 40--43
\OT1/pcr/m/n/8 degraded environments for first responders,''
 []


Underfull \hbox (badness 10000) in paragraph at lines 40--43
\OT1/pcr/m/sl/8 Advanced Intelligent Systems\OT1/pcr/m/n/8 , vol. 6, no. 12,
 []


Underfull \hbox (badness 10000) in paragraph at lines 45--47
[]\OT1/pcr/m/n/8 J. Yiu, \OT1/pcr/m/sl/8 The Definitive Guide to Arm Cortex-M3
 []


Underfull \hbox (badness 10000) in paragraph at lines 50--53
[]\OT1/pcr/m/n/8 DESLab. (2024) Create an STM32 bare metal
 []


Underfull \hbox (badness 10000) in paragraph at lines 50--53
\OT1/pcr/m/n/8 project. [Online]. Available: []$https : / /
 []


Underfull \hbox (badness 10000) in paragraph at lines 56--59
[]\OT1/pcr/m/n/8 Antmicro, ``Renode: An open source simulation
 []


Underfull \hbox (badness 10000) in paragraph at lines 56--59
\OT1/pcr/m/n/8 framework for complex systems,'' 2024. [Online].
 []


Underfull \hbox (badness 10000) in paragraph at lines 62--65
[]\OT1/pcr/m/n/8 M. Project, ``MAVLink developer guide,'' 2024.
 []


Underfull \hbox (badness 10000) in paragraph at lines 68--71
[]\OT1/pcr/m/sl/8 Arm Cortex-M7 Processor Technical Reference
 []


Underfull \hbox (badness 10000) in paragraph at lines 68--71
\OT1/pcr/m/sl/8 Manual\OT1/pcr/m/n/8 , Arm Ltd., 2014. [Online]. Available:
 []

)

** Conference Paper **
Before submitting the final camera ready copy, remember to:

 1. Manually equalize the lengths of two columns on the last page
 of your paper;

 2. Ensure that any PostScript and/or PDF output post-processing
 uses only Type 1 fonts and that every step in the generation
 process uses the appropriate paper size.

[6] (paper.aux)
 ***********
LaTeX2e <2025-11-01>
L3 programming layer <2025-12-24>
 ***********
Package rerunfilecheck Info: File `paper.out' has not changed.
(rerunfilecheck)             Checksum: 7E21394210B9AF35956AA86B8E37B952;3968.
 )
(\end occurred inside a group at level 1)

### simple group (level 1) entered at line 157 ({)
### bottom level 
Here is how much of TeX's memory you used:
 14927 strings out of 467871
 238977 string characters out of 5430401
 842945 words of memory out of 5000000
 43560 multiletter control sequences out of 15000+600000
 670667 words of font info for 129 fonts, out of 8000000 for 9000
 1141 hyphenation exceptions out of 8191
 75i,9n,79p,1229b,1231s stack positions out of 10000i,1000n,20000p,200000b,200000s
<D:/softwares/MiKTeX/fonts/type1/public/amsfonts/cm/cmbx10.pfb>
<D:/softwares/MiKTeX/fonts/type1/public/amsfonts/cm/cmmi10.pfb><D:/softwares/Mi
KTeX/fonts/type1/public/amsfonts/cm/cmmi7.pfb><D:/softwares/MiKTeX/fonts/type1/
public/amsfonts/cm/cmmi8.pfb><D:/softwares/MiKTeX/fonts/type1/public/amsfonts/c
m/cmr10.pfb><D:/softwares/MiKTeX/fonts/type1/public/amsfonts/cm/cmr5.pfb><D:/so
ftwares/MiKTeX/fonts/type1/public/amsfonts/cm/cmr7.pfb><D:/softwares/MiKTeX/fon
ts/type1/public/amsfonts/cm/cmsy10.pfb><D:/softwares/MiKTeX/fonts/type1/public/
amsfonts/cm/cmsy7.pfb><D:/softwares/MiKTeX/fonts/type1/urw/courier/ucrb8a.pfb><
D:/softwares/MiKTeX/fonts/type1/urw/courier/ucrr8a.pfb><D:/softwares/MiKTeX/fon
ts/type1/urw/courier/ucrro8a.pfb><D:/softwares/MiKTeX/fonts/type1/urw/times/utm
b8a.pfb><D:/softwares/MiKTeX/fonts/type1/urw/times/utmbi8a.pfb><D:/softwares/Mi
KTeX/fonts/type1/urw/times/utmr8a.pfb><D:/softwares/MiKTeX/fonts/type1/urw/time
s/utmri8a.pfb>
Output written on paper.pdf (6 pages, 388601 bytes).
PDF statistics:
 710 PDF objects out of 1000 (max. 8388607)
 64 named destinations out of 1000 (max. 500000)
 223 words of extra memory for PDF output out of 10000 (max. 10000000)

