\BOOKMARK [0][-]{chapter*.1}{\376\377\000C\000e\000r\000t\000i\000f\000i\000c\000a\000t\000e}{}% 1
\BOOKMARK [0][-]{chapter*.2}{\376\377\000D\000e\000c\000l\000a\000r\000a\000t\000i\000o\000n}{}% 2
\BOOKMARK [0][-]{chapter*.3}{\376\377\000A\000c\000k\000n\000o\000w\000l\000e\000d\000g\000e\000m\000e\000n\000t}{}% 3
\BOOKMARK [0][-]{chapter*.4}{\376\377\000A\000b\000s\000t\000r\000a\000c\000t}{}% 4
\BOOKMARK [0][-]{chapter*.5}{\376\377\000T\000a\000b\000l\000e\000\040\000o\000f\000\040\000C\000o\000n\000t\000e\000n\000t\000s}{}% 5
\BOOKMARK [0][-]{chapter*.7}{\376\377\000L\000i\000s\000t\000\040\000o\000f\000\040\000F\000i\000g\000u\000r\000e\000s}{}% 6
\BOOKMARK [0][-]{chapter*.9}{\376\377\000L\000i\000s\000t\000\040\000o\000f\000\040\000T\000a\000b\000l\000e\000s}{}% 7
\BOOKMARK [0][-]{chapter*.11}{\376\377\000L\000i\000s\000t\000\040\000o\000f\000\040\000A\000b\000b\000r\000e\000v\000i\000a\000t\000i\000o\000n\000s}{}% 8
\BOOKMARK [0][-]{chapter.1}{\376\377\000I\000n\000t\000r\000o\000d\000u\000c\000t\000i\000o\000n}{}% 9
\BOOKMARK [1][-]{section.1.1}{\376\377\000B\000a\000c\000k\000g\000r\000o\000u\000n\000d\000\040\000a\000n\000d\000\040\000M\000o\000t\000i\000v\000a\000t\000i\000o\000n}{chapter.1}% 10
\BOOKMARK [1][-]{section.1.2}{\376\377\000P\000r\000o\000b\000l\000e\000m\000\040\000S\000t\000a\000t\000e\000m\000e\000n\000t}{chapter.1}% 11
\BOOKMARK [1][-]{section.1.3}{\376\377\000O\000b\000j\000e\000c\000t\000i\000v\000e\000s}{chapter.1}% 12
\BOOKMARK [1][-]{section.1.4}{\376\377\000S\000c\000o\000p\000e\000\040\000a\000n\000d\000\040\000L\000i\000m\000i\000t\000a\000t\000i\000o\000n\000s}{chapter.1}% 13
\BOOKMARK [1][-]{section.1.5}{\376\377\000T\000h\000e\000s\000i\000s\000\040\000O\000r\000g\000a\000n\000i\000s\000a\000t\000i\000o\000n}{chapter.1}% 14
\BOOKMARK [0][-]{chapter.2}{\376\377\000L\000i\000t\000e\000r\000a\000t\000u\000r\000e\000\040\000R\000e\000v\000i\000e\000w\000\040\000a\000n\000d\000\040\000B\000a\000c\000k\000g\000r\000o\000u\000n\000d}{}% 15
\BOOKMARK [1][-]{section.2.1}{\376\377\000R\000a\000d\000a\000r\000\040\000G\000e\000o\000r\000e\000f\000e\000r\000e\000n\000c\000i\000n\000g\000\040\000P\000r\000i\000n\000c\000i\000p\000l\000e\000s}{chapter.2}% 16
\BOOKMARK [1][-]{section.2.2}{\376\377\000K\000a\000l\000m\000a\000n\000\040\000F\000i\000l\000t\000e\000r\000i\000n\000g\000\040\000f\000o\000r\000\040\000S\000e\000n\000s\000o\000r\000\040\000F\000u\000s\000i\000o\000n}{chapter.2}% 17
\BOOKMARK [1][-]{section.2.3}{\376\377\000Q\000u\000a\000t\000e\000r\000n\000i\000o\000n\000-\000B\000a\000s\000e\000d\000\040\000C\000o\000o\000r\000d\000i\000n\000a\000t\000e\000\040\000T\000r\000a\000n\000s\000f\000o\000r\000m\000s}{chapter.2}% 18
\BOOKMARK [1][-]{section.2.4}{\376\377\000T\000e\000l\000e\000m\000e\000t\000r\000y\000\040\000F\000r\000a\000m\000i\000n\000g\000\040\000a\000n\000d\000\040\000I\000/\000O\000\040\000S\000t\000r\000a\000t\000e\000g\000i\000e\000s}{chapter.2}% 19
\BOOKMARK [1][-]{section.2.5}{\376\377\000T\000h\000e\000\040\000A\000r\000m\000\040\000C\000o\000r\000t\000e\000x\000-\000M\0007\000\040\000C\000o\000r\000e\000\040\000a\000n\000d\000\040\000E\000x\000c\000e\000p\000t\000i\000o\000n\000\040\000M\000o\000d\000e\000l}{chapter.2}% 20
\BOOKMARK [1][-]{section.2.6}{\376\377\000T\000h\000e\000\040\000S\000T\000M\0003\0002\000H\0007\000\040\000P\000e\000r\000i\000p\000h\000e\000r\000a\000l\000\040\000S\000u\000b\000s\000y\000s\000t\000e\000m}{chapter.2}% 21
\BOOKMARK [1][-]{section.2.7}{\376\377\000H\000a\000r\000d\000w\000a\000r\000e\000\040\000E\000m\000u\000l\000a\000t\000i\000o\000n\000\040\000a\000n\000d\000\040\000R\000e\000n\000o\000d\000e}{chapter.2}% 22
\BOOKMARK [1][-]{section.2.8}{\376\377\000C\000o\000m\000m\000o\000n\000\040\000C\000l\000a\000s\000s\000e\000s\000\040\000o\000f\000\040\000E\000m\000b\000e\000d\000d\000e\000d\000-\000C\000\040\000a\000n\000d\000\040\000A\000B\000I\000\040\000D\000e\000f\000e\000c\000t\000s}{chapter.2}% 23
\BOOKMARK [0][-]{chapter.3}{\376\377\000S\000y\000s\000t\000e\000m\000\040\000D\000e\000s\000i\000g\000n\000\040\000a\000n\000d\000\040\000A\000r\000c\000h\000i\000t\000e\000c\000t\000u\000r\000e}{}% 24
\BOOKMARK [1][-]{section.3.1}{\376\377\000R\000e\000q\000u\000i\000r\000e\000m\000e\000n\000t\000s}{chapter.3}% 25
\BOOKMARK [1][-]{section.3.2}{\376\377\000T\000a\000r\000g\000e\000t\000\040\000H\000a\000r\000d\000w\000a\000r\000e\000\040\000P\000l\000a\000t\000f\000o\000r\000m}{chapter.3}% 26
\BOOKMARK [1][-]{section.3.3}{\376\377\000P\000i\000p\000e\000l\000i\000n\000e\000\040\000A\000r\000c\000h\000i\000t\000e\000c\000t\000u\000r\000e}{chapter.3}% 27
\BOOKMARK [1][-]{section.3.4}{\376\377\000S\000y\000s\000t\000e\000m\000\040\000a\000n\000d\000\040\000M\000e\000m\000o\000r\000y\000\040\000A\000r\000c\000h\000i\000t\000e\000c\000t\000u\000r\000e}{chapter.3}% 28
\BOOKMARK [1][-]{section.3.5}{\376\377\000I\000n\000t\000e\000r\000r\000u\000p\000t\000\040\000a\000n\000d\000\040\000E\000x\000c\000e\000p\000t\000i\000o\000n\000\040\000A\000r\000c\000h\000i\000t\000e\000c\000t\000u\000r\000e}{chapter.3}% 29
\BOOKMARK [1][-]{section.3.6}{\376\377\000D\000e\000v\000e\000l\000o\000p\000m\000e\000n\000t\000,\000\040\000T\000o\000o\000l\000c\000h\000a\000i\000n\000,\000\040\000a\000n\000d\000\040\000V\000e\000r\000i\000f\000i\000c\000a\000t\000i\000o\000n\000\040\000M\000e\000t\000h\000o\000d\000o\000l\000o\000g\000y}{chapter.3}% 30
\BOOKMARK [0][-]{chapter.4}{\376\377\000I\000m\000p\000l\000e\000m\000e\000n\000t\000a\000t\000i\000o\000n\000:\000\040\000E\000l\000e\000v\000e\000n\000\040\000P\000i\000p\000e\000l\000i\000n\000e\000-\000S\000t\000a\000g\000e\000\040\000C\000a\000s\000e\000\040\000S\000t\000u\000d\000i\000e\000s}{}% 31
\BOOKMARK [1][-]{section.4.1}{\376\377\000P\000i\000p\000e\000l\000i\000n\000e\000\040\000F\000o\000u\000n\000d\000a\000t\000i\000o\000n\000,\000\040\000M\000A\000V\000L\000i\000n\000k\000\040\000I\000n\000g\000e\000s\000t\000i\000o\000n\000,\000\040\000a\000n\000d\000\040\000T\000i\000m\000e\000s\000t\000a\000m\000p\000s}{chapter.4}% 32
\BOOKMARK [2][-]{subsection.4.1.1}{\376\377\000C\000S\0000\0001\000\040\040\024\000\040\000P\000i\000p\000e\000l\000i\000n\000e\000\040\000F\000o\000u\000n\000d\000a\000t\000i\000o\000n\000\040\000a\000n\000d\000\040\000B\000a\000r\000e\000-\000M\000e\000t\000a\000l\000\040\000B\000o\000o\000t}{section.4.1}% 33
\BOOKMARK [2][-]{subsection.4.1.2}{\376\377\000C\000S\0000\0002\000\040\040\024\000\040\000Z\000e\000r\000o\000-\000C\000o\000p\000y\000\040\000M\000A\000V\000L\000i\000n\000k\000\040\000D\000M\000A\000\040\000P\000a\000r\000s\000e\000r}{section.4.1}% 34
\BOOKMARK [2][-]{subsection.4.1.3}{\376\377\000C\000S\0000\0003\000\040\040\024\000\040\000H\000a\000r\000d\000w\000a\000r\000e\000\040\000T\000i\000m\000e\000r\000\040\000S\000y\000n\000c\000h\000r\000o\000n\000i\000z\000a\000t\000i\000o\000n}{section.4.1}% 35
\BOOKMARK [1][-]{section.4.2}{\376\377\000I\000n\000e\000r\000t\000i\000a\000l\000\040\000F\000u\000s\000i\000o\000n\000\040\000a\000n\000d\000\040\000C\000o\000o\000r\000d\000i\000n\000a\000t\000e\000\040\000T\000r\000a\000n\000s\000f\000o\000r\000m\000a\000t\000i\000o\000n}{chapter.4}% 36
\BOOKMARK [2][-]{subsection.4.2.1}{\376\377\000C\000S\0000\0004\000\040\040\024\000\040\000L\000o\000c\000k\000-\000F\000r\000e\000e\000\040\000R\000i\000n\000g\000\040\000B\000u\000f\000f\000e\000r}{section.4.2}% 37
\BOOKMARK [2][-]{subsection.4.2.2}{\376\377\000C\000S\0000\0005\000\040\040\024\000\040\000F\000i\000x\000e\000d\000-\000P\000o\000i\000n\000t\000\040\000E\000x\000t\000e\000n\000d\000e\000d\000\040\000K\000a\000l\000m\000a\000n\000\040\000F\000i\000l\000t\000e\000r}{section.4.2}% 38
\BOOKMARK [2][-]{subsection.4.2.3}{\376\377\000C\000S\0000\0006\000\040\040\024\000\040\000Q\000u\000a\000t\000e\000r\000n\000i\000o\000n\000-\000B\000a\000s\000e\000d\000\040\000C\000o\000o\000r\000d\000i\000n\000a\000t\000e\000\040\000T\000r\000a\000n\000s\000f\000o\000r\000m}{section.4.2}% 39
\BOOKMARK [1][-]{section.4.3}{\376\377\000O\000u\000t\000p\000u\000t\000\040\000S\000t\000r\000e\000a\000m\000i\000n\000g\000,\000\040\000R\000e\000s\000i\000l\000i\000e\000n\000c\000e\000,\000\040\000a\000n\000d\000\040\000M\000e\000m\000o\000r\000y\000\040\000P\000r\000o\000t\000e\000c\000t\000i\000o\000n}{chapter.4}% 40
\BOOKMARK [2][-]{subsection.4.3.1}{\376\377\000C\000S\0000\0007\000\040\040\024\000\040\000D\000e\000t\000e\000r\000m\000i\000n\000i\000s\000t\000i\000c\000\040\000O\000u\000t\000p\000u\000t\000\040\000S\000t\000r\000e\000a\000m\000i\000n\000g}{section.4.3}% 41
\BOOKMARK [2][-]{subsection.4.3.2}{\376\377\000C\000S\0000\0008\000\040\040\024\000\040\000F\000a\000u\000l\000t\000\040\000R\000e\000s\000i\000l\000i\000e\000n\000c\000e\000\040\000a\000n\000d\000\040\000I\000n\000p\000u\000t\000\040\000H\000a\000r\000d\000e\000n\000i\000n\000g}{section.4.3}% 42
\BOOKMARK [2][-]{subsection.4.3.3}{\376\377\000C\000S\0000\0009\000\040\040\024\000\040\000C\000a\000c\000h\000e\000\040\000C\000o\000h\000e\000r\000e\000n\000c\000y\000\040\000a\000n\000d\000\040\000M\000P\000U\000\040\000C\000o\000n\000f\000i\000g\000u\000r\000a\000t\000i\000o\000n}{section.4.3}% 43
\BOOKMARK [1][-]{section.4.4}{\376\377\000P\000o\000w\000e\000r\000\040\000M\000a\000n\000a\000g\000e\000m\000e\000n\000t\000\040\000a\000n\000d\000\040\000F\000u\000l\000l\000\040\000P\000i\000p\000e\000l\000i\000n\000e\000\040\000I\000n\000t\000e\000g\000r\000a\000t\000i\000o\000n}{chapter.4}% 44
\BOOKMARK [2][-]{subsection.4.4.1}{\376\377\000C\000S\0001\0000\000\040\040\024\000\040\000P\000o\000w\000e\000r\000\040\000M\000a\000n\000a\000g\000e\000m\000e\000n\000t\000\040\000w\000i\000t\000h\000\040\000W\000F\000I}{section.4.4}% 45
\BOOKMARK [2][-]{subsection.4.4.2}{\376\377\000C\000S\0001\0001\000\040\040\024\000\040\000F\000u\000l\000l\000\040\000P\000i\000p\000e\000l\000i\000n\000e\000\040\000I\000n\000t\000e\000g\000r\000a\000t\000i\000o\000n\000\040\000a\000n\000d\000\040\000H\000I\000L\000\040\000V\000e\000r\000i\000f\000i\000c\000a\000t\000i\000o\000n}{section.4.4}% 46
\BOOKMARK [0][-]{chapter.5}{\376\377\000R\000e\000s\000u\000l\000t\000s\000,\000\040\000F\000i\000d\000e\000l\000i\000t\000y\000\040\000A\000n\000a\000l\000y\000s\000i\000s\000,\000\040\000a\000n\000d\000\040\000D\000i\000s\000c\000u\000s\000s\000i\000o\000n}{}% 47
\BOOKMARK [1][-]{section.5.1}{\376\377\000D\000e\000f\000e\000c\000t\000\040\000T\000a\000x\000o\000n\000o\000m\000y}{chapter.5}% 48
\BOOKMARK [1][-]{section.5.2}{\376\377\000R\000e\000n\000o\000d\000e\000\040\000V\000e\000r\000i\000f\000i\000c\000a\000t\000i\000o\000n\000\040\000R\000e\000s\000u\000l\000t\000s}{chapter.5}% 49
\BOOKMARK [1][-]{section.5.3}{\376\377\000H\000a\000r\000d\000w\000a\000r\000e\000-\000i\000n\000-\000t\000h\000e\000-\000L\000o\000o\000p\000\040\000T\000e\000s\000t\000i\000n\000g}{chapter.5}% 50
\BOOKMARK [1][-]{section.5.4}{\376\377\000S\000i\000m\000u\000l\000a\000t\000o\000r\000\040\000v\000e\000r\000s\000u\000s\000\040\000S\000i\000l\000i\000c\000o\000n\000\040\000F\000i\000d\000e\000l\000i\000t\000y}{chapter.5}% 51
\BOOKMARK [1][-]{section.5.5}{\376\377\000L\000i\000m\000i\000t\000a\000t\000i\000o\000n\000s}{chapter.5}% 52
\BOOKMARK [0][-]{chapter.6}{\376\377\000C\000o\000n\000c\000l\000u\000s\000i\000o\000n\000\040\000a\000n\000d\000\040\000F\000u\000t\000u\000r\000e\000\040\000W\000o\000r\000k}{}% 53
\BOOKMARK [1][-]{section.6.1}{\376\377\000S\000u\000m\000m\000a\000r\000y\000\040\000o\000f\000\040\000C\000o\000n\000t\000r\000i\000b\000u\000t\000i\000o\000n\000s}{chapter.6}% 54
\BOOKMARK [1][-]{section.6.2}{\376\377\000F\000u\000t\000u\000r\000e\000\040\000W\000o\000r\000k}{chapter.6}% 55
\BOOKMARK [0][-]{section*.21}{\376\377\000R\000e\000f\000e\000r\000e\000n\000c\000e\000s}{}% 56
\BOOKMARK [0][-]{appendix.A}{\376\377\000S\000o\000u\000r\000c\000e\000\040\000C\000o\000d\000e\000\040\000S\000t\000r\000u\000c\000t\000u\000r\000e\000\040\000a\000n\000d\000\040\000B\000u\000i\000l\000d\000\040\000S\000y\000s\000t\000e\000m}{}% 57
\BOOKMARK [1][-]{section.A.1}{\376\377\000S\000o\000u\000r\000c\000e\000\040\000F\000i\000l\000e\000\040\000O\000v\000e\000r\000v\000i\000e\000w}{appendix.A}% 58
\BOOKMARK [1][-]{section.A.2}{\376\377\000B\000u\000i\000l\000d\000\040\000C\000o\000m\000m\000a\000n\000d\000s}{appendix.A}% 59
\BOOKMARK [1][-]{section.A.3}{\376\377\000K\000e\000y\000\040\000B\000u\000i\000l\000d\000\040\000F\000l\000a\000g\000s}{appendix.A}% 60
\BOOKMARK [1][-]{section.A.4}{\376\377\000M\000e\000m\000o\000r\000y\000\040\000M\000a\000p}{appendix.A}% 61
\BOOKMARK [0][-]{appendix.B}{\376\377\000L\000i\000n\000k\000e\000r\000\040\000S\000c\000r\000i\000p\000t\000\040\000a\000n\000d\000\040\000M\000e\000m\000o\000r\000y\000\040\000C\000o\000n\000f\000i\000g\000u\000r\000a\000t\000i\000o\000n}{}% 62
\BOOKMARK [0][-]{appendix.C}{\376\377\000S\000t\000a\000r\000t\000u\000p\000\040\000C\000o\000d\000e\000\040\000a\000n\000d\000\040\000V\000e\000c\000t\000o\000r\000\040\000T\000a\000b\000l\000e}{}% 63
\BOOKMARK [1][-]{section.C.1}{\376\377\000R\000e\000s\000e\000t\000\040\000H\000a\000n\000d\000l\000e\000r}{appendix.C}% 64
\BOOKMARK [1][-]{section.C.2}{\376\377\000V\000e\000c\000t\000o\000r\000\040\000T\000a\000b\000l\000e}{appendix.C}% 65
\BOOKMARK [0][-]{appendix.D}{\376\377\000R\000e\000n\000o\000d\000e\000\040\000S\000i\000m\000u\000l\000a\000t\000i\000o\000n\000\040\000S\000c\000r\000i\000p\000t\000s}{}% 66
\BOOKMARK [1][-]{section.D.1}{\376\377\000P\000l\000a\000t\000f\000o\000r\000m\000\040\000D\000e\000s\000c\000r\000i\000p\000t\000i\000o\000n}{appendix.D}% 67
\BOOKMARK [1][-]{section.D.2}{\376\377\000S\000i\000m\000u\000l\000a\000t\000i\000o\000n\000\040\000S\000c\000r\000i\000p\000t\000\040\000S\000t\000r\000u\000c\000t\000u\000r\000e}{appendix.D}% 68
\BOOKMARK [1][-]{section.D.3}{\376\377\000S\000t\000i\000m\000u\000l\000i\000\040\000G\000e\000n\000e\000r\000a\000t\000i\000o\000n}{appendix.D}% 69
\BOOKMARK [1][-]{section.D.4}{\376\377\000S\000i\000m\000u\000l\000a\000t\000i\000o\000n\000\040\000B\000a\000c\000k\000d\000o\000o\000r\000s}{appendix.D}% 70
\BOOKMARK [0][-]{appendix.E}{\376\377\000V\000e\000r\000i\000f\000i\000c\000a\000t\000i\000o\000n\000\040\000L\000o\000g\000s\000\040\000a\000n\000d\000\040\000R\000e\000s\000u\000l\000t\000s}{}% 71
\BOOKMARK [1][-]{section.E.1}{\376\377\000B\000u\000i\000l\000d\000\040\000V\000e\000r\000i\000f\000i\000c\000a\000t\000i\000o\000n}{appendix.E}% 72
\BOOKMARK [1][-]{section.E.2}{\376\377\000R\000e\000n\000o\000d\000e\000\040\000B\000o\000o\000t\000\040\000L\000o\000g}{appendix.E}% 73
\BOOKMARK [1][-]{section.E.3}{\376\377\000F\000u\000l\000l\000\040\000P\000i\000p\000e\000l\000i\000n\000e\000\040\000O\000u\000t\000p\000u\000t}{appendix.E}% 74
\BOOKMARK [1][-]{section.E.4}{\376\377\000D\000e\000f\000e\000c\000t\000\040\000S\000u\000m\000m\000a\000r\000y}{appendix.E}% 75
\BOOKMARK [0][-]{appendix.F}{\376\377\000G\000l\000o\000s\000s\000a\000r\000y\000\040\000o\000f\000\040\000C\000o\000n\000c\000e\000p\000t\000s}{}% 76
